"completion is empty: ok"
"completion is empty: ok"
"completion has \"skip\": ok"
"completion has \"skip\": ok"
"completion has \"skip\": ok"
"completion has \"skip\": ok"
"completion has \"skip\": ok"
"completion has \"skip\": ok"
"completion has \"skip\": ok"
"completion has \"skip\": ok"
"completion has \"skip\": ok"
"completion has \"skip\": ok"
"completion has \"skip\": ok"
"completion has \"skip\": ok"
"completion has \"skip\": ok"
"completion has \"skip\": ok"
